[st.ourhtmldemo.com/template/consult-press/index.html]
[backblue.gif]
[fade.gif]
[index.html]
[st.ourhtmldemo.com/template/consult-press/images/fav-icon/apple-icon-57x57.png]
[st.ourhtmldemo.com/template/consult-press/images/fav-icon/apple-icon-60x60.png]
[st.ourhtmldemo.com/template/consult-press/images/fav-icon/apple-icon-72x72.png]
[st.ourhtmldemo.com/template/consult-press/images/fav-icon/apple-icon-76x76.png]
[st.ourhtmldemo.com/template/consult-press/images/fav-icon/apple-icon-114x114.png]
[st.ourhtmldemo.com/template/consult-press/images/fav-icon/apple-icon-120x120.png]
[st.ourhtmldemo.com/template/consult-press/images/fav-icon/apple-icon-144x144.png]
[st.ourhtmldemo.com/template/consult-press/images/fav-icon/apple-icon-152x152.png]
[st.ourhtmldemo.com/template/consult-press/images/fav-icon/apple-icon-180x180.png]
[st.ourhtmldemo.com/template/consult-press/images/fav-icon/android-icon-192x192.png]
[st.ourhtmldemo.com/template/consult-press/images/fav-icon/favicon-32x32.png]
[st.ourhtmldemo.com/template/consult-press/images/fav-icon/favicon-96x96.png]
[st.ourhtmldemo.com/template/consult-press/images/fav-icon/favicon-16x16.png]
[st.ourhtmldemo.com/template/consult-press/css/custom/style.css]
[st.ourhtmldemo.com/template/consult-press/css/responsive/responsive.css]
[st.ourhtmldemo.com/template/consult-press/css/custom/color.css]
[st.ourhtmldemo.com/template/consult-press/images/logo/KAMULLL02_header.png]
[st.ourhtmldemo.com/template/consult-press/about.html]
[st.ourhtmldemo.com/template/consult-press/company-history.html]
[st.ourhtmldemo.com/template/consult-press/our-team.html]
[st.ourhtmldemo.com/template/consult-press/our-partners.html]
[st.ourhtmldemo.com/template/consult-press/faq.html]
[st.ourhtmldemo.com/template/consult-press/career.html]
[st.ourhtmldemo.com/template/consult-press/career-single.html]
[st.ourhtmldemo.com/template/consult-press/client-feedback.html]
[st.ourhtmldemo.com/template/consult-press/service.html]
[st.ourhtmldemo.com/template/consult-press/accounting_tax_services_advisory.html]
[st.ourhtmldemo.com/template/consult-press/immigration_services.html]
[st.ourhtmldemo.com/template/consult-press/customs_and_clearing_services.html]
[st.ourhtmldemo.com/template/consult-press/cash_advance_and_loan_services.html]
[st.ourhtmldemo.com/template/consult-press/global-risk.html]
[st.ourhtmldemo.com/template/consult-press/audit-assurance.html]
[st.ourhtmldemo.com/template/consult-press/trades-stocks.html]
[st.ourhtmldemo.com/template/consult-press/information-technology.html]
[st.ourhtmldemo.com/template/consult-press/blog-default.html]
[st.ourhtmldemo.com/template/consult-press/blog-grid.html]
[st.ourhtmldemo.com/template/consult-press/blog-grid-sidebar.html]
[st.ourhtmldemo.com/template/consult-press/blog-list.html]
[st.ourhtmldemo.com/template/consult-press/blog-details.html]
[st.ourhtmldemo.com/template/consult-press/project-grid.html]
[st.ourhtmldemo.com/template/consult-press/project-filter.html]
[st.ourhtmldemo.com/template/consult-press/project-masonary.html]
[st.ourhtmldemo.com/template/consult-press/project-single.html]
[st.ourhtmldemo.com/template/consult-press/shop.html]
[st.ourhtmldemo.com/template/consult-press/shop-width-sidebar.html]
[st.ourhtmldemo.com/template/consult-press/shop-single.html]
[st.ourhtmldemo.com/template/consult-press/shop-cart.html]
[st.ourhtmldemo.com/template/consult-press/checkout.html]
[st.ourhtmldemo.com/template/consult-press/contact.html]
[st.ourhtmldemo.com/template/consult-press/images/home/cart1.jpg]
[st.ourhtmldemo.com/template/consult-press/images/home/cart2.jpg]
[st.ourhtmldemo.com/template/consult-press/images/home/cart3.jpg]
[st.ourhtmldemo.com/template/consult-press/images/home/slide-1.jpg]
[st.ourhtmldemo.com/template/consult-press/images/home/slide-2.jpg]
[st.ourhtmldemo.com/template/consult-press/images/home/slide-3.jpg]
[st.ourhtmldemo.com/template/consult-press/images/home/1.jpg]
[st.ourhtmldemo.com/template/consult-press/images/home/2.jpg]
[st.ourhtmldemo.com/template/consult-press/images/home/3.jpg]
[st.ourhtmldemo.com/template/consult-press/images/home/4.jpg]
[st.ourhtmldemo.com/template/consult-press/images/team/1.jpg]
[st.ourhtmldemo.com/template/consult-press/images/team/2.jpg]
[st.ourhtmldemo.com/template/consult-press/images/team/3.jpg]
[st.ourhtmldemo.com/template/consult-press/images/team/4.jpg]
[st.ourhtmldemo.com/template/consult-press/images/home/7.jpg]
[st.ourhtmldemo.com/template/consult-press/images/home/8.jpg]
[st.ourhtmldemo.com/template/consult-press/images/partner-logo/1.jpg]
[st.ourhtmldemo.com/template/consult-press/images/partner-logo/2.jpg]
[st.ourhtmldemo.com/template/consult-press/images/partner-logo/3.jpg]
[st.ourhtmldemo.com/template/consult-press/images/partner-logo/4.jpg]
[st.ourhtmldemo.com/template/consult-press/images/logo/KAMULLL02_footer1.png]
[st.ourhtmldemo.com/template/consult-press/images/home/10.jpg]
[st.ourhtmldemo.com/template/consult-press/images/home/11.jpg]
[st.ourhtmldemo.com/template/consult-press/images/home/12.jpg]
[st.ourhtmldemo.com/template/consult-press/js/bootstrap/bootstrap.min.js]
[st.ourhtmldemo.com/template/consult-press/js/jquery-2.1.4.js]
[st.ourhtmldemo.com/template/consult-press/js/gmap.js]
[st.ourhtmldemo.com/template/consult-press/vendor/revolution/jquery.themepunch.tools.min.js]
[st.ourhtmldemo.com/template/consult-press/vendor/revolution/jquery.themepunch.revolution.min.js]
[st.ourhtmldemo.com/template/consult-press/vendor/revolution/revolution.extension.slideanims.min.js]
[st.ourhtmldemo.com/template/consult-press/vendor/revolution/revolution.extension.layeranimation.min.js]
[st.ourhtmldemo.com/template/consult-press/vendor/revolution/revolution.extension.navigation.min.js]
[st.ourhtmldemo.com/template/consult-press/vendor/revolution/revolution.extension.kenburn.min.js]
[st.ourhtmldemo.com/template/consult-press/vendor/revolution/revolution.extension.actions.min.js]
[st.ourhtmldemo.com/template/consult-press/vendor/revolution/revolution.extension.parallax.min.js]
[st.ourhtmldemo.com/template/consult-press/vendor/revolution/revolution.extension.migration.min.js]
[st.ourhtmldemo.com/template/consult-press/vendor/language-switcher/jquery.polyglot.language.switcher.js]
[st.ourhtmldemo.com/template/consult-press/vendor/fancy-box/jquery.fancybox.pack.js]
[st.ourhtmldemo.com/template/consult-press/vendor/owl-carousel/owl.carousel.min.js]
[st.ourhtmldemo.com/template/consult-press/vendor/jquery-ui/jquery-ui.min.js]
[st.ourhtmldemo.com/template/consult-press/vendor/jquery.appear.js]
[st.ourhtmldemo.com/template/consult-press/vendor/jquery.countTo.js]
[st.ourhtmldemo.com/template/consult-press/vendor/jQuery.style.switcher.min.js]
[cdnjs.cloudflare.com/ajax/libs/js-cookie/2.1.2/js.cookie.min.js]
[st.ourhtmldemo.com/template/consult-press/js/theme.js]
[st.ourhtmldemo.com/template/consult-press/js/map-script.js]
[st.ourhtmldemo.com/template/consult-press/index.html]
[st.ourhtmldemo.com/template/consult-press/css/bootstrap/bootstrap.css]
[st.ourhtmldemo.com/template/consult-press/fonts/font-awesome/css/font-awesome.min.css]
[st.ourhtmldemo.com/template/consult-press/fonts/icon/font/flaticon.css]
[st.ourhtmldemo.com/template/consult-press/vendor/revolution/settings.css]
[st.ourhtmldemo.com/template/consult-press/vendor/revolution/layers.css]
[st.ourhtmldemo.com/template/consult-press/vendor/revolution/navigation.css]
[st.ourhtmldemo.com/template/consult-press/vendor/jquery-ui/jquery-ui.css]
[st.ourhtmldemo.com/template/consult-press/vendor/fancy-box/jquery.fancybox.css]
[st.ourhtmldemo.com/template/consult-press/vendor/language-switcher/polyglot-language-switcher.css]
[st.ourhtmldemo.com/template/consult-press/vendor/owl-carousel/owl.carousel.css]
[st.ourhtmldemo.com/template/consult-press/vendor/owl-carousel/owl.theme.css]
[st.ourhtmldemo.com/template/consult-press/vendor/owl-carousel/animate.css]
[st.ourhtmldemo.com/template/consult-press/fonts/font-awesome/fonts/fontawesome-webfont.ttf]
[st.ourhtmldemo.com/template/consult-press/fonts/font-awesome/fonts/fontawesome-webfont.eot]
[st.ourhtmldemo.com/template/consult-press/fonts/font-awesome/fonts/fontawesome-webfont.woff2]
[st.ourhtmldemo.com/template/consult-press/fonts/font-awesome/fonts/fontawesome-webfont.woff]
[st.ourhtmldemo.com/template/consult-press/images/home/5.jpg]
[st.ourhtmldemo.com/template/consult-press/images/home/6.jpg]
[st.ourhtmldemo.com/template/consult-press/fonts/font-awesome/fonts/fontawesome-webfont.svg]
[st.ourhtmldemo.com/template/consult-press/images/home/9.jpg]
[st.ourhtmldemo.com/template/consult-press/images/home/footer.jpg]
[st.ourhtmldemo.com/template/consult-press/images/home/inner-banner.jpg]
[st.ourhtmldemo.com/template/consult-press/images/home/pattern.png]
[st.ourhtmldemo.com/template/consult-press/css/custom/style.css]
[st.ourhtmldemo.com/template/consult-press/css/responsive/responsive.css]
[st.ourhtmldemo.com/template/consult-press/css/custom/color.css]
[st.ourhtmldemo.com/template/consult-press/images/about/1.jpg]
[st.ourhtmldemo.com/template/consult-press/about.html]
[st.ourhtmldemo.com/template/consult-press/images/about/2.jpg]
[st.ourhtmldemo.com/template/consult-press/images/about/3.jpg]
[st.ourhtmldemo.com/template/consult-press/company-history.html]
[st.ourhtmldemo.com/template/consult-press/images/team/5.jpg]
[st.ourhtmldemo.com/template/consult-press/images/team/6.jpg]
[st.ourhtmldemo.com/template/consult-press/our-team.html]
[st.ourhtmldemo.com/template/consult-press/images/partner-logo/5.jpg]
[st.ourhtmldemo.com/template/consult-press/images/partner-logo/6.jpg]
[st.ourhtmldemo.com/template/consult-press/images/partner-logo/8.jpg]
[st.ourhtmldemo.com/template/consult-press/images/partner-logo/9.jpg]
[st.ourhtmldemo.com/template/consult-press/our-partners.html]
[st.ourhtmldemo.com/template/consult-press/faq.html]
[st.ourhtmldemo.com/template/consult-press/images/about/4.jpg]
[st.ourhtmldemo.com/template/consult-press/career.html]
[st.ourhtmldemo.com/template/consult-press/career-single.html]
[st.ourhtmldemo.com/template/consult-press/images/about/5.jpg]
[st.ourhtmldemo.com/template/consult-press/images/about/6.jpg]
[st.ourhtmldemo.com/template/consult-press/images/about/7.jpg]
[st.ourhtmldemo.com/template/consult-press/images/about/8.jpg]
[st.ourhtmldemo.com/template/consult-press/images/about/9.jpg]
[st.ourhtmldemo.com/template/consult-press/images/about/10.jpg]
[st.ourhtmldemo.com/template/consult-press/client-feedback.html]
[st.ourhtmldemo.com/template/consult-press/images/service/1.jpg]
[st.ourhtmldemo.com/template/consult-press/images/service/2.jpg]
[st.ourhtmldemo.com/template/consult-press/images/service/3.jpg]
[st.ourhtmldemo.com/template/consult-press/images/service/4.jpg]
[st.ourhtmldemo.com/template/consult-press/images/service/5.jpg]
[st.ourhtmldemo.com/template/consult-press/images/service/6.jpg]
[st.ourhtmldemo.com/template/consult-press/images/service/7.jpg]
[st.ourhtmldemo.com/template/consult-press/images/service/8.jpg]
[st.ourhtmldemo.com/template/consult-press/service.html]
[st.ourhtmldemo.com/template/consult-press/images/service/9.jpg]
[st.ourhtmldemo.com/template/consult-press/accounting_tax_services_advisory.html]
[st.ourhtmldemo.com/template/consult-press/vendor/chartjs/dist/Chart.min.js]
[st.ourhtmldemo.com/template/consult-press/images/service/11.jpg]
[st.ourhtmldemo.com/template/consult-press/immigration_services.html]
[st.ourhtmldemo.com/template/consult-press/images/service/12.jpg]
[st.ourhtmldemo.com/template/consult-press/images/service/13.jpg]
[st.ourhtmldemo.com/template/consult-press/customs_and_clearing_services.html]
[st.ourhtmldemo.com/template/consult-press/images/service/14.jpg]
[st.ourhtmldemo.com/template/consult-press/cash_advance_and_loan_services.html]
[st.ourhtmldemo.com/template/consult-press/global-risk.html]
[st.ourhtmldemo.com/template/consult-press/images/service/16.jpg]
[st.ourhtmldemo.com/template/consult-press/audit-assurance.html]
[st.ourhtmldemo.com/template/consult-press/images/service/17.jpg]
[st.ourhtmldemo.com/template/consult-press/trades-stocks.html]
[st.ourhtmldemo.com/template/consult-press/images/service/18.jpg]
[st.ourhtmldemo.com/template/consult-press/information-technology.html]
[st.ourhtmldemo.com/template/consult-press/images/blog/1.jpg]
[st.ourhtmldemo.com/template/consult-press/images/blog/3.jpg]
[st.ourhtmldemo.com/template/consult-press/images/blog/4.jpg]
[st.ourhtmldemo.com/template/consult-press/blog-default.html]
[st.ourhtmldemo.com/template/consult-press/images/blog/5.jpg]
[st.ourhtmldemo.com/template/consult-press/images/blog/6.jpg]
[st.ourhtmldemo.com/template/consult-press/images/blog/play.png]
[st.ourhtmldemo.com/template/consult-press/images/blog/7.jpg]
[st.ourhtmldemo.com/template/consult-press/images/blog/8.jpg]
[st.ourhtmldemo.com/template/consult-press/images/blog/9.jpg]
[st.ourhtmldemo.com/template/consult-press/images/blog/10.jpg]
[st.ourhtmldemo.com/template/consult-press/images/blog/11.jpg]
[st.ourhtmldemo.com/template/consult-press/images/blog/12.jpg]
[st.ourhtmldemo.com/template/consult-press/images/blog/13.jpg]
[st.ourhtmldemo.com/template/consult-press/blog-grid.html]
[st.ourhtmldemo.com/template/consult-press/images/blog/14.jpg]
[st.ourhtmldemo.com/template/consult-press/images/blog/16.jpg]
[st.ourhtmldemo.com/template/consult-press/images/blog/17.jpg]
[st.ourhtmldemo.com/template/consult-press/blog-grid-sidebar.html]
[st.ourhtmldemo.com/template/consult-press/images/blog/18.jpg]
[st.ourhtmldemo.com/template/consult-press/images/blog/19.jpg]
[st.ourhtmldemo.com/template/consult-press/images/blog/20.jpg]
[st.ourhtmldemo.com/template/consult-press/images/blog/21.jpg]
[st.ourhtmldemo.com/template/consult-press/images/blog/22.jpg]
[st.ourhtmldemo.com/template/consult-press/images/blog/23.jpg]
[st.ourhtmldemo.com/template/consult-press/images/blog/24.jpg]
[st.ourhtmldemo.com/template/consult-press/images/blog/25.jpg]
[st.ourhtmldemo.com/template/consult-press/images/blog/26.jpg]
[st.ourhtmldemo.com/template/consult-press/blog-list.html]
[st.ourhtmldemo.com/template/consult-press/images/blog/27.jpg]
[st.ourhtmldemo.com/template/consult-press/images/blog/28.jpg]
[st.ourhtmldemo.com/template/consult-press/blog-details.html]
[st.ourhtmldemo.com/template/consult-press/images/project/1.jpg]
[st.ourhtmldemo.com/template/consult-press/images/project/2.jpg]
[st.ourhtmldemo.com/template/consult-press/images/project/3.jpg]
[st.ourhtmldemo.com/template/consult-press/images/project/4.jpg]
[st.ourhtmldemo.com/template/consult-press/images/project/5.jpg]
[st.ourhtmldemo.com/template/consult-press/images/project/6.jpg]
[st.ourhtmldemo.com/template/consult-press/images/project/7.jpg]
[st.ourhtmldemo.com/template/consult-press/images/project/8.jpg]
[st.ourhtmldemo.com/template/consult-press/images/project/9.jpg]
[st.ourhtmldemo.com/template/consult-press/project-grid.html]
[st.ourhtmldemo.com/template/consult-press/vendor/jquery.mixitup.min.js]
[st.ourhtmldemo.com/template/consult-press/project-filter.html]
[st.ourhtmldemo.com/template/consult-press/images/project-masonary/1.jpg]
[st.ourhtmldemo.com/template/consult-press/images/project-masonary/2.jpg]
[st.ourhtmldemo.com/template/consult-press/images/project-masonary/3.jpg]
[st.ourhtmldemo.com/template/consult-press/images/project-masonary/4.jpg]
[st.ourhtmldemo.com/template/consult-press/images/project-masonary/5.jpg]
[st.ourhtmldemo.com/template/consult-press/images/project-masonary/6.jpg]
[st.ourhtmldemo.com/template/consult-press/images/project-masonary/7.jpg]
[st.ourhtmldemo.com/template/consult-press/images/project-masonary/8.jpg]
[st.ourhtmldemo.com/template/consult-press/images/project-masonary/9.jpg]
[st.ourhtmldemo.com/template/consult-press/project-masonary.html]
[st.ourhtmldemo.com/template/consult-press/vendor/isotope.pkgd.min.js]
[st.ourhtmldemo.com/template/consult-press/images/project/10.jpg]
[st.ourhtmldemo.com/template/consult-press/images/project/11.jpg]
[st.ourhtmldemo.com/template/consult-press/images/project/12.jpg]
[st.ourhtmldemo.com/template/consult-press/images/project/a.png]
[st.ourhtmldemo.com/template/consult-press/project-single.html]
[st.ourhtmldemo.com/template/consult-press/images/shop/1.jpg]
[st.ourhtmldemo.com/template/consult-press/images/shop/2.jpg]
[st.ourhtmldemo.com/template/consult-press/images/shop/3.jpg]
[st.ourhtmldemo.com/template/consult-press/images/shop/4.jpg]
[st.ourhtmldemo.com/template/consult-press/images/shop/5.jpg]
[st.ourhtmldemo.com/template/consult-press/images/shop/6.jpg]
[st.ourhtmldemo.com/template/consult-press/images/shop/7.jpg]
[st.ourhtmldemo.com/template/consult-press/images/shop/8.jpg]
[st.ourhtmldemo.com/template/consult-press/images/shop/9.jpg]
[st.ourhtmldemo.com/template/consult-press/images/shop/10.jpg]
[st.ourhtmldemo.com/template/consult-press/images/shop/11.jpg]
[st.ourhtmldemo.com/template/consult-press/images/shop/12.jpg]
[st.ourhtmldemo.com/template/consult-press/shop.html]
[st.ourhtmldemo.com/template/consult-press/images/shop/13.jpg]
[st.ourhtmldemo.com/template/consult-press/images/shop/14.jpg]
[st.ourhtmldemo.com/template/consult-press/images/shop/15.jpg]
[st.ourhtmldemo.com/template/consult-press/shop-width-sidebar.html]
[st.ourhtmldemo.com/template/consult-press/images/shop/19.jpg]
[st.ourhtmldemo.com/template/consult-press/images/shop/r1.jpg]
[st.ourhtmldemo.com/template/consult-press/images/shop/r2.jpg]
[st.ourhtmldemo.com/template/consult-press/shop-single.html]
[st.ourhtmldemo.com/template/consult-press/images/shop/16.jpg]
[st.ourhtmldemo.com/template/consult-press/images/shop/17.jpg]
[st.ourhtmldemo.com/template/consult-press/images/shop/18.jpg]
[st.ourhtmldemo.com/template/consult-press/shop-cart.html]
[st.ourhtmldemo.com/template/consult-press/images/check-out/1.jpg]
[st.ourhtmldemo.com/template/consult-press/images/check-out/2.jpg]
[st.ourhtmldemo.com/template/consult-press/checkout.html]
[st.ourhtmldemo.com/template/consult-press/vendor/contact-form/validate.js]
[st.ourhtmldemo.com/template/consult-press/contact.html]
[st.ourhtmldemo.com/template/consult-press/vendor/contact-form/jquery.form.js]
[st.ourhtmldemo.com/template/consult-press/css/bootstrap/bootstrap.css]
[st.ourhtmldemo.com/template/consult-press/fonts/font-awesome/fonts/fontawesome-webfont914c.eot]
[st.ourhtmldemo.com/template/consult-press/fonts/font-awesome/fonts/fontawesome-webfontd41d.eot]
[st.ourhtmldemo.com/template/consult-press/fonts/font-awesome/fonts/fontawesome-webfont914c.woff2]
[st.ourhtmldemo.com/template/consult-press/fonts/font-awesome/fonts/fontawesome-webfont914c.woff]
[st.ourhtmldemo.com/template/consult-press/fonts/font-awesome/css/font-awesome.min.css]
[st.ourhtmldemo.com/template/consult-press/fonts/font-awesome/fonts/fontawesome-webfont914c.svg]
[st.ourhtmldemo.com/template/consult-press/fonts/font-awesome/fonts/fontawesome-webfont914c.ttf]
[st.ourhtmldemo.com/template/consult-press/fonts/icon/font/Flaticon.eot]
[st.ourhtmldemo.com/template/consult-press/fonts/icon/font/Flaticond41d.eot]
[st.ourhtmldemo.com/template/consult-press/fonts/icon/font/Flaticon.woff]
[st.ourhtmldemo.com/template/consult-press/fonts/icon/font/Flaticon.ttf]
[st.ourhtmldemo.com/template/consult-press/fonts/icon/font/flaticon.css]
[st.ourhtmldemo.com/template/consult-press/fonts/icon/font/Flaticon.svg]
[st.ourhtmldemo.com/template/consult-press/fonts/revicons/revicons90c6.eot]
[st.ourhtmldemo.com/template/consult-press/fonts/revicons/revicons90c6.woff]
[st.ourhtmldemo.com/template/consult-press/fonts/revicons/revicons90c6.ttf]
[st.ourhtmldemo.com/template/consult-press/fonts/revicons/revicons90c6.svg]
[st.ourhtmldemo.com/template/consult-press/vendor/revolution/settings.css]
[st.ourhtmldemo.com/template/consult-press/vendor/revolution/layers.css]
[st.ourhtmldemo.com/template/consult-press/vendor/revolution/navigation.css]
[st.ourhtmldemo.com/template/consult-press/vendor/jquery-ui/images/ui-icons_444444_256x240.png]
[st.ourhtmldemo.com/template/consult-press/vendor/jquery-ui/images/ui-icons_777777_256x240.png]
[st.ourhtmldemo.com/template/consult-press/vendor/jquery-ui/images/ui-icons_555555_256x240.png]
[st.ourhtmldemo.com/template/consult-press/vendor/jquery-ui/images/ui-icons_ffffff_256x240.png]
[st.ourhtmldemo.com/template/consult-press/vendor/jquery-ui/images/ui-icons_777620_256x240.png]
[st.ourhtmldemo.com/template/consult-press/vendor/jquery-ui/images/ui-icons_cc0000_256x240.png]
[st.ourhtmldemo.com/template/consult-press/vendor/jquery-ui/jquery-ui.css]
[st.ourhtmldemo.com/template/consult-press/vendor/fancy-box/fancybox_sprite.png]
[st.ourhtmldemo.com/template/consult-press/vendor/fancy-box/fancybox_loading.gif]
[st.ourhtmldemo.com/template/consult-press/vendor/fancy-box/fancybox_overlay.png]
[st.ourhtmldemo.com/template/consult-press/vendor/fancy-box/jquery.fancybox.css]
[st.ourhtmldemo.com/template/consult-press/images/home/gb.png]
[st.ourhtmldemo.com/template/consult-press/images/home/fr.png]
[st.ourhtmldemo.com/template/consult-press/images/home/de.png]
[st.ourhtmldemo.com/template/consult-press/images/home/it.png]
[st.ourhtmldemo.com/template/consult-press/images/home/es.png]
[st.ourhtmldemo.com/template/consult-press/vendor/language-switcher/polyglot-language-switcher.css]
[st.ourhtmldemo.com/template/consult-press/vendor/owl-carousel/owl.carousel.css]
[st.ourhtmldemo.com/template/consult-press/vendor/owl-carousel/owl.theme.css]
[st.ourhtmldemo.com/template/consult-press/vendor/owl-carousel/animate.css]
[st.ourhtmldemo.com/template/consult-press/fonts/font-awesome/fonts/fontawesome-webfont.svg]
[st.ourhtmldemo.com/template/consult-press/css/fonts/glyphicons-halflings-regular.html]
[st.ourhtmldemo.com/template/consult-press/css/fonts/glyphicons-halflings-regulard41d.html]
[st.ourhtmldemo.com/template/consult-press/css/fonts/glyphicons-halflings-regular-2.html]
[st.ourhtmldemo.com/template/consult-press/css/fonts/glyphicons-halflings-regular-3.html]
[st.ourhtmldemo.com/template/consult-press/css/fonts/glyphicons-halflings-regular-4.html]
[st.ourhtmldemo.com/template/consult-press/css/fonts/glyphicons-halflings-regular-5.html]
[st.ourhtmldemo.com/template/consult-press/fonts/font-awesome/fonts/fontawesome-webfont914c.svg]
[st.ourhtmldemo.com/template/consult-press/fonts/icon/font/Flaticon.svg]
[st.ourhtmldemo.com/template/consult-press/fonts/revicons/revicons90c6.svg]
[st.ourhtmldemo.com/template/consult-press/vendor/revolution/openhand.html]
[st.ourhtmldemo.com/template/consult-press/vendor/revolution/closedhand.html]
[st.ourhtmldemo.com/template/consult-press/vendor/assets/gridtile.html]
[st.ourhtmldemo.com/template/consult-press/vendor/assets/gridtile_white.html]
[st.ourhtmldemo.com/template/consult-press/vendor/assets/gridtile_3x3.html]
[st.ourhtmldemo.com/template/consult-press/vendor/assets/gridtile_3x3_white.html]
[st.ourhtmldemo.com/template/consult-press/vendor/assets/coloredbg.html]
[st.ourhtmldemo.com/template/consult-press/vendor/assets/loader.html]
[st.ourhtmldemo.com/template/consult-press/vendor/fancy-box/blank.html]
[st.ourhtmldemo.com/template/consult-press/vendor/fancy-box/fancybox_sprite@2x.html]
[st.ourhtmldemo.com/template/consult-press/vendor/fancy-box/fancybox_loading@2x.html]
[st.ourhtmldemo.com/template/consult-press/vendor/owl-carousel/owl.video.play.html]
